** Drc report for cloudSmoker_ver2f.kicad_pcb **
** Created on 2026-06-14T14:14:16+0930 **
** Report includes: Errors, Warnings, Exclusions **

** Found 5 DRC violations **
[silk_over_copper]: Silkscreen clipped by solder mask
    Local override; warning
    @(112.9500 mm, 81.1500 mm): Circle of R10 on F.Silkscreen
[silk_over_copper]: Silkscreen clipped by solder mask
    Local override; warning
    @(112.9500 mm, 83.6500 mm): Circle of R12 on F.Silkscreen
[silk_over_copper]: Silkscreen clipped by solder mask
    Local override; warning
    @(114.5500 mm, 85.6000 mm): Circle of R13 on F.Silkscreen
[silk_over_copper]: Silkscreen clipped by solder mask
    Local override; warning
    @(112.9500 mm, 88.9000 mm): Circle of R14 on F.Silkscreen
[silk_over_copper]: Silkscreen clipped by solder mask
    Local override; warning
    @(114.5500 mm, 90.8500 mm): Circle of R15 on F.Silkscreen

** Found 0 unconnected pads **

** Found 0 Footprint errors **

** End of Report **
